SELECT 'android'::os_name;
 os_name 
---------
 android
(1 row)

SELECT 'ios'::os_name;
 os_name 
---------
 ios
(1 row)

SELECT 'windows'::os_name;
 os_name 
---------
 windows
(1 row)

SELECT 'windows-phone'::os_name;
    os_name    
---------------
 windows-phone
(1 row)

SELECT 'unknown'::os_name;
 os_name 
---------
 unknown
(1 row)

SELECT 'kermit'::os_name;
 os_name 
---------
 unknown
(1 row)

