SELECT '2013-12-31'::aj_time;
       aj_time       
---------------------
 2013-12-31 00:00:00
(1 row)

SELECT '2013-12-31 23:00:00.000000'::aj_time;
       aj_time       
---------------------
 2013-12-31 23:00:00
(1 row)

