SET DATESTYLE TO ISO;
SELECT '2014-06-12 16:31:40'::aj_time::date;
    date    
------------
 2014-06-12
(1 row)

SELECT '2014-06-12 16:31:40'::aj_time::timestamp;
      timestamp      
---------------------
 2014-06-12 16:31:40
(1 row)

SELECT '2014-06-12 16:31:40'::timestamp::aj_time;
       aj_time       
---------------------
 2014-06-12 16:31:40
(1 row)

SELECT '2014-06-12'::aj_date::date;
    date    
------------
 2014-06-12
(1 row)

SELECT '2014-06-12'::date::aj_date;
  aj_date   
------------
 2014-06-12
(1 row)

SELECT date('2014-06-12 16:31:40'::aj_time);
    date    
------------
 2014-06-12
(1 row)

