BEGIN;
-- country_iostore_io should persist country_iostores;
-- ./spec/country_iostore_io_spec.rb:21;
CREATE EXTENSION istore;
CREATE TABLE country_istore_io AS SELECT 'de=>1,de=>2'::country_istore;
SELECT * FROM country_istore_io;
 country_istore 
----------------
 "de"=>"3"
(1 row)

ROLLBACK;
BEGIN;
-- country_iostore_io should persist country_iostores;
-- ./spec/country_iostore_io_spec.rb:21;
CREATE EXTENSION istore;
CREATE TABLE country_istore_io AS SELECT '"de"=>"1", "de"=>"2"'::country_istore;
SELECT * FROM country_istore_io;
 country_istore 
----------------
 "de"=>"3"
(1 row)

ROLLBACK;
BEGIN;
-- country_iostore_io should persist country_iostores;
-- ./spec/country_iostore_io_spec.rb:21;
CREATE EXTENSION istore;
CREATE TABLE country_istore_io AS SELECT '"de"=>"1", "zz"=>"2"'::country_istore;
SELECT * FROM country_istore_io;
    country_istore    
----------------------
 "de"=>"1", "zz"=>"2"
(1 row)

ROLLBACK;
BEGIN;
-- country_iostore_io should persist country_iostores;
-- ./spec/country_iostore_io_spec.rb:21;
CREATE EXTENSION istore;
CREATE TABLE country_istore_io AS SELECT '"zz"=>"+1","de"=>"2"'::country_istore;
SELECT * FROM country_istore_io;
    country_istore    
----------------------
 "de"=>"2", "zz"=>"1"
(1 row)

ROLLBACK;
BEGIN;
-- country_iostore_io should persist country_iostores;
-- ./spec/country_iostore_io_spec.rb:21;
CREATE EXTENSION istore;
CREATE TABLE country_istore_io AS SELECT ' "zz"=>"+1","de"=>"2"'::country_istore;
SELECT * FROM country_istore_io;
    country_istore    
----------------------
 "de"=>"2", "zz"=>"1"
(1 row)

ROLLBACK;
BEGIN;
-- country_iostore_io should persist country_iostores;
-- ./spec/country_iostore_io_spec.rb:21;
CREATE EXTENSION istore;
CREATE TABLE country_istore_io AS SELECT '"zz"=> "+1","de"=>"2"'::country_istore;
SELECT * FROM country_istore_io;
    country_istore    
----------------------
 "de"=>"2", "zz"=>"1"
(1 row)

ROLLBACK;
BEGIN;
-- country_iostore_io should persist country_iostores;
-- ./spec/country_iostore_io_spec.rb:21;
CREATE EXTENSION istore;
CREATE TABLE country_istore_io AS SELECT '"zz"=>"+1" ,"de"=>"2"'::country_istore;
SELECT * FROM country_istore_io;
    country_istore    
----------------------
 "de"=>"2", "zz"=>"1"
(1 row)

ROLLBACK;
BEGIN;
-- country_iostore_io should persist country_iostores;
-- ./spec/country_iostore_io_spec.rb:21;
CREATE EXTENSION istore;
CREATE TABLE country_istore_io AS SELECT '"zz"=>"+1", "de"=>"2"'::country_istore;
SELECT * FROM country_istore_io;
    country_istore    
----------------------
 "de"=>"2", "zz"=>"1"
(1 row)

ROLLBACK;
BEGIN;
-- country_iostore_io should persist country_iostores;
-- ./spec/country_iostore_io_spec.rb:21;
CREATE EXTENSION istore;
CREATE TABLE country_istore_io AS SELECT '"zz"=>"+1","de"=>"2" '::country_istore;
SELECT * FROM country_istore_io;
    country_istore    
----------------------
 "de"=>"2", "zz"=>"1"
(1 row)

ROLLBACK;
BEGIN;
-- country_iostore_io should persist country_iostores;
-- ./spec/country_iostore_io_spec.rb:21;
CREATE EXTENSION istore;
CREATE TABLE country_istore_io AS SELECT 'zz=>+1,de=>2 '::country_istore;
SELECT * FROM country_istore_io;
    country_istore    
----------------------
 "de"=>"2", "zz"=>"1"
(1 row)

ROLLBACK;
