BEGIN;
CREATE TABLE country_istore_io AS SELECT 'de=>1,de=>2'::country_istore;
SELECT * FROM country_istore_io;
 country_istore 
----------------
 "de"=>"3"
(1 row)

ROLLBACK;
BEGIN;
CREATE TABLE country_istore_io AS SELECT '"de"=>"1","de"=>"2"'::country_istore;
SELECT * FROM country_istore_io;
 country_istore 
----------------
 "de"=>"3"
(1 row)

ROLLBACK;
BEGIN;
CREATE TABLE country_istore_io AS SELECT '"de"=>"1","en"=>"2"'::country_istore;
SELECT * FROM country_istore_io;
   country_istore    
---------------------
 "zz"=>"2","de"=>"1"
(1 row)

ROLLBACK;
BEGIN;
CREATE TABLE country_istore_io AS SELECT '"en"=>"+1","de"=>"2"'::country_istore;
SELECT * FROM country_istore_io;
   country_istore    
---------------------
 "zz"=>"1","de"=>"2"
(1 row)

ROLLBACK;
BEGIN;
CREATE TABLE country_istore_io AS SELECT ' "en"=>"+1","de"=>"2"'::country_istore;
SELECT * FROM country_istore_io;
   country_istore    
---------------------
 "zz"=>"1","de"=>"2"
(1 row)

ROLLBACK;
BEGIN;
CREATE TABLE country_istore_io AS SELECT '"en"=> "+1","de"=>"2"'::country_istore;
SELECT * FROM country_istore_io;
   country_istore    
---------------------
 "zz"=>"1","de"=>"2"
(1 row)

ROLLBACK;
BEGIN;
CREATE TABLE country_istore_io AS SELECT '"en"=>"+1" ,"de"=>"2"'::country_istore;
SELECT * FROM country_istore_io;
   country_istore    
---------------------
 "zz"=>"1","de"=>"2"
(1 row)

ROLLBACK;
BEGIN;
CREATE TABLE country_istore_io AS SELECT '"en"=>"+1", "de"=>"2"'::country_istore;
SELECT * FROM country_istore_io;
   country_istore    
---------------------
 "zz"=>"1","de"=>"2"
(1 row)

ROLLBACK;
BEGIN;
CREATE TABLE country_istore_io AS SELECT '"en"=>"+1","de"=>"2" '::country_istore;
SELECT * FROM country_istore_io;
   country_istore    
---------------------
 "zz"=>"1","de"=>"2"
(1 row)

ROLLBACK;
BEGIN;
CREATE TABLE country_istore_io AS SELECT 'en=>+1,de=>2 '::country_istore;
SELECT * FROM country_istore_io;
   country_istore    
---------------------
 "zz"=>"1","de"=>"2"
(1 row)

ROLLBACK;
