SELECT '2012-01-02'::aj_date + 1;
  ?column?  
------------
 2012-01-03
(1 row)

SELECT 1 + '2012-01-02'::aj_date;
  ?column?  
------------
 2012-01-03
(1 row)

SELECT '2012-01-02'::aj_date - 1;
  ?column?  
------------
 2012-01-01
(1 row)

SELECT '2012-01-02'::aj_date - 2;
ERROR:  resulting date is out of aj_date range
SELECT '2012-01-02'::aj_date + 100000;
ERROR:  resulting date is out of aj_date range
SELECT '2012-01-02'::aj_date - '2012-01-01'::aj_date;
 ?column? 
----------
        1
(1 row)

SELECT '2012-01-01'::aj_date - '2012-01-02'::aj_date;
 ?column? 
----------
       -1
(1 row)

