BEGIN;
-- device_type_pass should pass valid device_types;
-- ./spec/device_type_pass_spec.rb:15;
CREATE EXTENSION istore;
SELECT 'bot'::device_type;
 device_type 
-------------
 bot
(1 row)

SELECT 'console'::device_type;
 device_type 
-------------
 console
(1 row)

SELECT 'ipod'::device_type;
 device_type 
-------------
 ipod
(1 row)

SELECT 'mac'::device_type;
 device_type 
-------------
 mac
(1 row)

SELECT 'pc'::device_type;
 device_type 
-------------
 pc
(1 row)

SELECT 'phone'::device_type;
 device_type 
-------------
 phone
(1 row)

SELECT 'server'::device_type;
 device_type 
-------------
 server
(1 row)

SELECT 'simulator'::device_type;
 device_type 
-------------
 simulator
(1 row)

SELECT 'tablet'::device_type;
 device_type 
-------------
 tablet
(1 row)

SELECT 'unknown'::device_type;
 device_type 
-------------
 unknown
(1 row)

ROLLBACK;
