BEGIN;
CREATE EXTENSION istore;
SELECT exist('1=>1'::bigistore, 1);
 exist 
-------
 t
(1 row)

SELECT exist('1=>1'::bigistore, 2);
 exist 
-------
 f
(1 row)

SELECT exist('1=>1, -1=>0'::bigistore, 2);
 exist 
-------
 f
(1 row)

SELECT exist('1=>1, -1=>0'::bigistore, -1);
 exist 
-------
 t
(1 row)

ROLLBACK;
BEGIN;
CREATE EXTENSION istore;
SELECT fetchval('1=>1'::bigistore, 1);
 fetchval 
----------
        1
(1 row)

SELECT fetchval('2=>1'::bigistore, 1);
 fetchval 
----------
         
(1 row)

SELECT fetchval('1=>1, 1=>1'::bigistore, 1);
 fetchval 
----------
        2
(1 row)

SELECT fetchval('1=>1, 1=>1'::bigistore, 2);
 fetchval 
----------
         
(1 row)

ROLLBACK;
BEGIN;
CREATE EXTENSION istore;
SELECT * FROM each('1=>1'::bigistore);
 key | value 
-----+-------
   1 |     1
(1 row)

SELECT * FROM each('5=>11, 4=>8'::bigistore);
 key | value 
-----+-------
   4 |     8
   5 |    11
(2 rows)

SELECT * FROM each('5=>-411, 4=>8'::bigistore);
 key | value 
-----+-------
   4 |     8
   5 |  -411
(2 rows)

SELECT value + 100 FROM each('5=>-411, 4=>8'::bigistore);
 ?column? 
----------
      108
     -311
(2 rows)

SELECT * FROM each('-2147483647 => 10, -10 => -9223372036854775807, 0 => 5, 10 => 9223372036854775806, 2147483647 => 10'::bigistore);
     key     |        value         
-------------+----------------------
 -2147483647 |                   10
         -10 | -9223372036854775807
           0 |                    5
          10 |  9223372036854775806
  2147483647 |                   10
(5 rows)

SELECT * FROM each(NULL::bigistore);
 key | value 
-----+-------
(0 rows)

ROLLBACK;
BEGIN;
CREATE EXTENSION istore;
SELECT compact('0=>2, 1=>2, 3=>0 ,2=>2'::bigistore);
           compact            
------------------------------
 "0"=>"2", "1"=>"2", "2"=>"2"
(1 row)

ROLLBACK;
BEGIN;
CREATE EXTENSION istore;
SELECT add('1=>1, 2=>1'::bigistore, '1=>1, 2=>1'::bigistore);
        add         
--------------------
 "1"=>"2", "2"=>"2"
(1 row)

SELECT add('1=>1, 2=>1'::bigistore, '-1=>1, 2=>1'::bigistore);
              add              
-------------------------------
 "-1"=>"1", "1"=>"1", "2"=>"2"
(1 row)

SELECT add('1=>1, 2=>1'::bigistore, '-1=>-1, 2=>1'::bigistore);
              add               
--------------------------------
 "-1"=>"-1", "1"=>"1", "2"=>"2"
(1 row)

SELECT add('-1=>1, 2=>1'::bigistore, '-1=>-1, 2=>1'::bigistore);
         add         
---------------------
 "-1"=>"0", "2"=>"2"
(1 row)

SELECT add('-1=>-1, 2=>1'::bigistore, '-1=>-1, 2=>1'::bigistore);
         add          
----------------------
 "-1"=>"-2", "2"=>"2"
(1 row)

SELECT add('-1=>-1, 2=>1'::bigistore, 1);
         add         
---------------------
 "-1"=>"0", "2"=>"2"
(1 row)

SELECT add('-1=>-1, 2=>1'::bigistore, -1);
         add          
----------------------
 "-1"=>"-2", "2"=>"0"
(1 row)

SELECT add('-1=>-1, 2=>1'::bigistore, 0);
         add          
----------------------
 "-1"=>"-1", "2"=>"1"
(1 row)

SELECT add(bigistore(Array[]::integer[], Array[]::integer[]), '1=>0'::bigistore);;
   add    
----------
 "1"=>"0"
(1 row)

ROLLBACK;
BEGIN;
CREATE EXTENSION istore;
SELECT subtract('1=>1, 2=>1'::bigistore, '1=>1, 2=>1'::bigistore);
      subtract      
--------------------
 "1"=>"0", "2"=>"0"
(1 row)

SELECT subtract('1=>1, 2=>1'::bigistore, '-1=>1, 2=>1'::bigistore);
            subtract            
--------------------------------
 "-1"=>"-1", "1"=>"1", "2"=>"0"
(1 row)

SELECT subtract('1=>1, 2=>1'::bigistore, '-1=>-1, 2=>1'::bigistore);
           subtract            
-------------------------------
 "-1"=>"1", "1"=>"1", "2"=>"0"
(1 row)

SELECT subtract('-1=>1, 2=>1'::bigistore, '-1=>-1, 2=>1'::bigistore);
      subtract       
---------------------
 "-1"=>"2", "2"=>"0"
(1 row)

SELECT subtract('-1=>-1, 2=>1'::bigistore, '-1=>-1, 2=>1'::bigistore);
      subtract       
---------------------
 "-1"=>"0", "2"=>"0"
(1 row)

SELECT subtract('-1=>-1, 2=>1'::bigistore, 1);
       subtract       
----------------------
 "-1"=>"-2", "2"=>"0"
(1 row)

SELECT subtract('-1=>-1, 2=>1'::bigistore, -1);
      subtract       
---------------------
 "-1"=>"0", "2"=>"2"
(1 row)

SELECT subtract('-1=>-1, 2=>1'::bigistore, 0);
       subtract       
----------------------
 "-1"=>"-1", "2"=>"1"
(1 row)

SELECT subtract(bigistore(Array[]::integer[], Array[]::integer[]), '1=>0'::bigistore);;
 subtract 
----------
 "1"=>"0"
(1 row)

ROLLBACK;
BEGIN;
CREATE EXTENSION istore;
SELECT multiply('1=>1, 2=>1'::bigistore, '1=>1, 2=>1'::bigistore);
      multiply      
--------------------
 "1"=>"1", "2"=>"1"
(1 row)

SELECT multiply('1=>1, 2=>1'::bigistore, '-1=>1, 2=>1'::bigistore);
 multiply 
----------
 "2"=>"1"
(1 row)

SELECT multiply('1=>1, 2=>1'::bigistore, '-1=>-1, 2=>1'::bigistore);
 multiply 
----------
 "2"=>"1"
(1 row)

SELECT multiply('-1=>1, 2=>1'::bigistore, '-1=>-1, 2=>1'::bigistore);
       multiply       
----------------------
 "-1"=>"-1", "2"=>"1"
(1 row)

SELECT multiply('-1=>-1, 2=>1'::bigistore, '-1=>-1, 2=>1'::bigistore);
      multiply       
---------------------
 "-1"=>"1", "2"=>"1"
(1 row)

SELECT multiply('-1=>-1, 2=>1'::bigistore, 1);
       multiply       
----------------------
 "-1"=>"-1", "2"=>"1"
(1 row)

SELECT multiply('-1=>-1, 2=>1'::bigistore, -1);
       multiply       
----------------------
 "-1"=>"1", "2"=>"-1"
(1 row)

SELECT multiply('-1=>-1, 2=>1'::bigistore, 0);
      multiply       
---------------------
 "-1"=>"0", "2"=>"0"
(1 row)

ROLLBACK;
BEGIN;
CREATE EXTENSION istore;
SELECT divide('1=>1, 2=>1'::bigistore, '1=>1, 2=>1'::bigistore);
       divide       
--------------------
 "1"=>"1", "2"=>"1"
(1 row)

SELECT divide('1=>1, 2=>1'::bigistore, '-1=>1, 2=>1'::bigistore);
  divide  
----------
 "2"=>"1"
(1 row)

SELECT divide('1=>1, 2=>1'::bigistore, '-1=>-1, 2=>1'::bigistore);
  divide  
----------
 "2"=>"1"
(1 row)

SELECT divide('-1=>1, 2=>1'::bigistore, '-1=>-1, 2=>1'::bigistore);
        divide        
----------------------
 "-1"=>"-1", "2"=>"1"
(1 row)

SELECT divide('-1=>-1, 2=>1'::bigistore, '-1=>-1, 2=>1'::bigistore);
       divide        
---------------------
 "-1"=>"1", "2"=>"1"
(1 row)

SELECT divide('-1=>-1, 2=>1'::bigistore, '-1=>-1, 2=>1'::bigistore);
       divide        
---------------------
 "-1"=>"1", "2"=>"1"
(1 row)

SELECT divide('1=>0, 2=>1'::bigistore, '1=>-1, 2=>1'::bigistore);
       divide       
--------------------
 "1"=>"0", "2"=>"1"
(1 row)

SELECT divide('1=>1, 2=>1'::bigistore, '1=>-1, 2=>1, 3=>0'::bigistore);
       divide        
---------------------
 "1"=>"-1", "2"=>"1"
(1 row)

SELECT divide('1=>1, 2=>1'::bigistore, '3=>0'::bigistore);
 divide 
--------
 
(1 row)

SELECT divide('-1=>-1, 2=>1'::bigistore, -1);
        divide        
----------------------
 "-1"=>"1", "2"=>"-1"
(1 row)

ROLLBACK;
BEGIN;
CREATE EXTENSION istore;
SELECT divide('-1=>-1, 2=>1'::bigistore, 0);
ERROR:  division by zero
ROLLBACK;
BEGIN;
CREATE EXTENSION istore;
SELECT divide('-1=>-1, 2=>1'::bigistore, '2=>0');
ERROR:  division by zero
ROLLBACK;
BEGIN;
CREATE EXTENSION istore;
SELECT bigistore(ARRAY[1]);
 bigistore 
-----------
 "1"=>"1"
(1 row)

SELECT bigistore(ARRAY[1,1,1,1]);
 bigistore 
-----------
 "1"=>"4"
(1 row)

SELECT bigistore(NULL);
 bigistore 
-----------
 
(1 row)

SELECT bigistore(ARRAY[1,2,3,4]);
               bigistore                
----------------------------------------
 "1"=>"1", "2"=>"1", "3"=>"1", "4"=>"1"
(1 row)

SELECT bigistore(ARRAY[1,2,3,4,1,2,3,4]);
               bigistore                
----------------------------------------
 "1"=>"2", "2"=>"2", "3"=>"2", "4"=>"2"
(1 row)

SELECT bigistore(ARRAY[1,2,3,4,1,2,3,NULL]);
               bigistore                
----------------------------------------
 "1"=>"2", "2"=>"2", "3"=>"2", "4"=>"1"
(1 row)

SELECT bigistore(ARRAY[NULL,2,3,4,1,2,3,4]);
               bigistore                
----------------------------------------
 "1"=>"1", "2"=>"2", "3"=>"2", "4"=>"2"
(1 row)

SELECT bigistore(ARRAY[NULL,2,3,4,1,2,3,NULL]);
               bigistore                
----------------------------------------
 "1"=>"1", "2"=>"2", "3"=>"2", "4"=>"1"
(1 row)

SELECT bigistore(ARRAY[1,2,3,NULL,1,NULL,3,4,1,2,3]);
               bigistore                
----------------------------------------
 "1"=>"3", "2"=>"2", "3"=>"3", "4"=>"1"
(1 row)

SELECT bigistore(ARRAY[NULL,NULL,NULL,NULL]::integer[]);
 bigistore 
-----------
 
(1 row)

SELECT bigistore(ARRAY[]::integer[]);
 bigistore 
-----------
 
(1 row)

ROLLBACK;
BEGIN;
CREATE EXTENSION istore;
SELECT sum_up('1=>1'::bigistore);
 sum_up 
--------
      1
(1 row)

SELECT sum_up(NULL::bigistore);
 sum_up 
--------
       
(1 row)

SELECT sum_up('1=>1, 2=>1'::bigistore);
 sum_up 
--------
      2
(1 row)

SELECT sum_up('1=>1, 5=>1, 3=> 4'::bigistore, 3);
 sum_up 
--------
      5
(1 row)

SELECT sum_up('1=>1 ,2=>-1, 1=>1'::bigistore);
 sum_up 
--------
      1
(1 row)

ROLLBACK;
BEGIN;
CREATE EXTENSION istore;
CREATE TABLE test (a bigistore);
INSERT INTO test VALUES('1=>1'),('2=>1'), ('3=>1');
SELECT SUM(a) FROM test;
             sum              
------------------------------
 "1"=>"1", "2"=>"1", "3"=>"1"
(1 row)

ROLLBACK;
BEGIN;
CREATE EXTENSION istore;
CREATE TABLE test (a bigistore);
INSERT INTO test VALUES('1=>1'),('2=>1'),('3=>1'),(NULL),('3=>3');
SELECT SUM(a) FROM test;
             sum              
------------------------------
 "1"=>"1", "2"=>"1", "3"=>"4"
(1 row)

ROLLBACK;
BEGIN;
CREATE EXTENSION istore;
CREATE TABLE test (a bigistore);
INSERT INTO test VALUES('1=>1'),('2=>1'),('3=>1'),(NULL),('3=>0');
SELECT SUM(a) FROM test;
             sum              
------------------------------
 "1"=>"1", "2"=>"1", "3"=>"1"
(1 row)

ROLLBACK;
BEGIN;
CREATE EXTENSION istore;
SELECT bigistore(Array[5,3,4,5], Array[1,2,3,4]);
          bigistore           
------------------------------
 "3"=>"2", "4"=>"3", "5"=>"5"
(1 row)

SELECT bigistore(Array[5,3,4,5], Array[1,2,3,4]);
          bigistore           
------------------------------
 "3"=>"2", "4"=>"3", "5"=>"5"
(1 row)

SELECT bigistore(Array[5,3,4,5], Array[4000,2,4000,4]);
             bigistore              
------------------------------------
 "3"=>"2", "4"=>"4000", "5"=>"4004"
(1 row)

SELECT bigistore(Array[5,3,4]::int[], Array[5000000000,4000000000,5]::bigint[]);
                   bigistore                    
------------------------------------------------
 "3"=>"4000000000", "4"=>"5", "5"=>"5000000000"
(1 row)

ROLLBACK;
BEGIN;
CREATE EXTENSION istore;
SELECT fill_gaps('2=>17, 4=>3'::bigistore, 5, 0);
                          fill_gaps                          
-------------------------------------------------------------
 "0"=>"0", "1"=>"0", "2"=>"17", "3"=>"0", "4"=>"3", "5"=>"0"
(1 row)

SELECT fill_gaps('2=>17, 4=>3'::bigistore, 5);
                          fill_gaps                          
-------------------------------------------------------------
 "0"=>"0", "1"=>"0", "2"=>"17", "3"=>"0", "4"=>"3", "5"=>"0"
(1 row)

SELECT fill_gaps('2=>17, 4=>3'::bigistore, 3, 11);
                 fill_gaps                  
--------------------------------------------
 "0"=>"11", "1"=>"11", "2"=>"17", "3"=>"11"
(1 row)

SELECT fill_gaps('2=>17, 4=>3'::bigistore, 0, 0);
 fill_gaps 
-----------
 "0"=>"0"
(1 row)

SELECT fill_gaps('2=>17'::bigistore, 3, NULL);
 fill_gaps 
-----------
 
(1 row)

SELECT fill_gaps('2=>0, 3=>3'::bigistore, 3, 0);
               fill_gaps                
----------------------------------------
 "0"=>"0", "1"=>"0", "2"=>"0", "3"=>"3"
(1 row)

SELECT fill_gaps(''::bigistore, 3, 0);
               fill_gaps                
----------------------------------------
 "0"=>"0", "1"=>"0", "2"=>"0", "3"=>"0"
(1 row)

SELECT fill_gaps(''::bigistore, 3, 400);
                   fill_gaps                    
------------------------------------------------
 "0"=>"400", "1"=>"400", "2"=>"400", "3"=>"400"
(1 row)

SELECT fill_gaps(NULL::bigistore, 3, 0);
 fill_gaps 
-----------
 
(1 row)

SELECT fill_gaps('2=>17, 4=>3'::bigistore, -5, 0);
ERROR:  parameter upto must be >= 0
ROLLBACK;
BEGIN;
CREATE EXTENSION istore;
SELECT accumulate('2=>17, 4=>3'::bigistore);
           accumulate            
---------------------------------
 "2"=>"17", "3"=>"17", "4"=>"20"
(1 row)

SELECT accumulate('2=>0, 4=>3'::bigistore);
          accumulate          
------------------------------
 "2"=>"0", "3"=>"0", "4"=>"3"
(1 row)

SELECT accumulate('1=>3, 2=>0, 4=>3, 6=>2'::bigistore);
                         accumulate                         
------------------------------------------------------------
 "1"=>"3", "2"=>"3", "3"=>"3", "4"=>"6", "5"=>"6", "6"=>"8"
(1 row)

SELECT accumulate(''::bigistore);
 accumulate 
------------
 
(1 row)

SELECT accumulate('10=>5'::bigistore);
 accumulate 
------------
 "10"=>"5"
(1 row)

SELECT accumulate(NULL::bigistore);
 accumulate 
------------
 
(1 row)

SELECT accumulate('-20=> 5, -10=> 5'::bigistore);
                                                             accumulate                                                              
-------------------------------------------------------------------------------------------------------------------------------------
 "-20"=>"5", "-19"=>"5", "-18"=>"5", "-17"=>"5", "-16"=>"5", "-15"=>"5", "-14"=>"5", "-13"=>"5", "-12"=>"5", "-11"=>"5", "-10"=>"10"
(1 row)

SELECT accumulate('-5=> 5, 3=> 5'::bigistore);
                                           accumulate                                           
------------------------------------------------------------------------------------------------
 "-5"=>"5", "-4"=>"5", "-3"=>"5", "-2"=>"5", "-1"=>"5", "0"=>"5", "1"=>"5", "2"=>"5", "3"=>"10"
(1 row)

ROLLBACK;
BEGIN;
CREATE EXTENSION istore;
SELECT accumulate('2=>17, 4=>3'::bigistore, 8);
                                 accumulate                                  
-----------------------------------------------------------------------------
 "2"=>"17", "3"=>"17", "4"=>"20", "5"=>"20", "6"=>"20", "7"=>"20", "8"=>"20"
(1 row)

SELECT accumulate('2=>0, 4=>3'::bigistore, 8);
                              accumulate                              
----------------------------------------------------------------------
 "2"=>"0", "3"=>"0", "4"=>"3", "5"=>"3", "6"=>"3", "7"=>"3", "8"=>"3"
(1 row)

SELECT accumulate('1=>3, 2=>0, 4=>3, 6=>2'::bigistore, 8);
                                   accumulate                                   
--------------------------------------------------------------------------------
 "1"=>"3", "2"=>"3", "3"=>"3", "4"=>"6", "5"=>"6", "6"=>"8", "7"=>"8", "8"=>"8"
(1 row)

SELECT accumulate(''::bigistore, 8);
 accumulate 
------------
 
(1 row)

SELECT accumulate('10=>5'::bigistore, 8);
 accumulate 
------------
 
(1 row)

SELECT accumulate('1=>5'::bigistore, 0);
 accumulate 
------------
 
(1 row)

SELECT accumulate(NULL::bigistore, 8);
 accumulate 
------------
 
(1 row)

SELECT accumulate('-20=> 5, -10=> 5'::bigistore, -8);
                                                                         accumulate                                                                          
-------------------------------------------------------------------------------------------------------------------------------------------------------------
 "-20"=>"5", "-19"=>"5", "-18"=>"5", "-17"=>"5", "-16"=>"5", "-15"=>"5", "-14"=>"5", "-13"=>"5", "-12"=>"5", "-11"=>"5", "-10"=>"10", "-9"=>"10", "-8"=>"10"
(1 row)

SELECT accumulate('-5=> 5, 3=> 5'::bigistore, 2);
                                     accumulate                                      
-------------------------------------------------------------------------------------
 "-5"=>"5", "-4"=>"5", "-3"=>"5", "-2"=>"5", "-1"=>"5", "0"=>"5", "1"=>"5", "2"=>"5"
(1 row)

ROLLBACK;
BEGIN;
CREATE EXTENSION istore;
SELECT accumulate('0=>20000000000, 1=>10000000000, 3=>10000000000'::bigistore, 4);
                                             accumulate                                             
----------------------------------------------------------------------------------------------------
 "0"=>"20000000000", "1"=>"30000000000", "2"=>"30000000000", "3"=>"40000000000", "4"=>"40000000000"
(1 row)

ROLLBACK;
BEGIN;
CREATE EXTENSION istore;
SELECT istore_seed(2,5,8::bigint);
              istore_seed               
----------------------------------------
 "2"=>"8", "3"=>"8", "4"=>"8", "5"=>"8"
(1 row)

SELECT istore_seed(2,5,NULL::bigint);
 istore_seed 
-------------
 
(1 row)

SELECT istore_seed(2,5,0::bigint);
              istore_seed               
----------------------------------------
 "2"=>"0", "3"=>"0", "4"=>"0", "5"=>"0"
(1 row)

SELECT istore_seed(2,2,8::bigint);
 istore_seed 
-------------
 "2"=>"8"
(1 row)

SELECT istore_seed(2,0,8::bigint);
ERROR:  parameter upto must be >= from
ROLLBACK;
BEGIN;
CREATE EXTENSION istore;
SELECT istore_seed(-2,0,8);
ERROR:  parameter from must be >= 0
ROLLBACK;
BEGIN;
CREATE EXTENSION istore;
SELECT istore_val_larger('1=>1,2=>1,3=>3'::bigistore, '1=>2,3=>1,4=>1');
           istore_val_larger            
----------------------------------------
 "1"=>"2", "2"=>"1", "3"=>"3", "4"=>"1"
(1 row)

ROLLBACK;
BEGIN;
CREATE EXTENSION istore;
SELECT istore_val_smaller('1=>1,2=>1,3=>3'::bigistore, '1=>2,3=>1,4=>1');
           istore_val_smaller           
----------------------------------------
 "1"=>"1", "2"=>"1", "3"=>"1", "4"=>"1"
(1 row)

ROLLBACK;
BEGIN;
CREATE EXTENSION istore;
SELECT MAX(s) FROM (VALUES('1=>5, 2=>2, 3=>3'::bigistore),('1=>1, 2=>5, 3=>3'),('1=>1, 2=>4, 3=>5'))t(s);
             max              
------------------------------
 "1"=>"5", "2"=>"5", "3"=>"5"
(1 row)

ROLLBACK;
BEGIN;
CREATE EXTENSION istore;
SELECT MIN(s) FROM (VALUES('1=>5, 2=>2, 3=>3'::bigistore),('1=>1, 2=>5, 3=>3'),('1=>1, 2=>4, 3=>5'))t(s);
             min              
------------------------------
 "1"=>"1", "2"=>"2", "3"=>"3"
(1 row)

ROLLBACK;
BEGIN;
CREATE EXTENSION istore;
SELECT akeys('-5=>10, 0=>-5, 5=>0'::bigistore);
  akeys   
----------
 {-5,0,5}
(1 row)

SELECT akeys(''::bigistore);
 akeys 
-------
 {}
(1 row)

ROLLBACK;
BEGIN;
CREATE EXTENSION istore;
SELECT avals('-5=>10, 0=>-5, 5=>0'::bigistore);
   avals   
-----------
 {10,-5,0}
(1 row)

SELECT avals(''::bigistore);
 avals 
-------
 {}
(1 row)

ROLLBACK;
BEGIN;
CREATE EXTENSION istore;
SELECT skeys('-5=>10, 0=>-5, 5=>0'::bigistore);
 skeys 
-------
    -5
     0
     5
(3 rows)

SELECT skeys(''::bigistore);
 skeys 
-------
(0 rows)

ROLLBACK;
BEGIN;
CREATE EXTENSION istore;
SELECT svals('-5=>10, 0=>-5, 5=>0'::bigistore);
 svals 
-------
    10
    -5
     0
(3 rows)

SELECT svals(''::bigistore);
 svals 
-------
(0 rows)

ROLLBACK;
BEGIN;
CREATE EXTENSION istore;
SELECT sum_up('10=>5, 15=>10'::istore);
 sum_up 
--------
     15
(1 row)

ROLLBACK;
BEGIN;
CREATE EXTENSION istore;
SELECT sum_up('10=>2000000000, 15=>1000000000'::istore);
   sum_up   
------------
 3000000000
(1 row)

ROLLBACK;
BEGIN;
CREATE EXTENSION istore;
SELECT sum_up('10=>5, 15=>10'::bigistore);
 sum_up 
--------
     15
(1 row)

ROLLBACK;
BEGIN;
CREATE EXTENSION istore;
SELECT sum_up('10=>5, 15=>-10'::istore);
 sum_up 
--------
     -5
(1 row)

ROLLBACK;
BEGIN;
CREATE EXTENSION istore;
SELECT sum_up('10=>5, 15=>-10'::bigistore);
 sum_up 
--------
     -5
(1 row)

ROLLBACK;
BEGIN;
CREATE EXTENSION istore;
SELECT exist('1=>1'::istore, 1);
 exist 
-------
 t
(1 row)

SELECT exist('1=>1'::istore, 2);
 exist 
-------
 f
(1 row)

SELECT exist('1=>1, -1=>0'::istore, 2);
 exist 
-------
 f
(1 row)

SELECT exist('1=>1, -1=>0'::istore, -1);
 exist 
-------
 t
(1 row)

ROLLBACK;
BEGIN;
CREATE EXTENSION istore;
SELECT fetchval('1=>1'::istore, 1);
 fetchval 
----------
        1
(1 row)

SELECT fetchval('2=>1'::istore, 1);
 fetchval 
----------
         
(1 row)

SELECT fetchval('1=>1, 1=>1'::istore, 1);
 fetchval 
----------
        2
(1 row)

SELECT fetchval('1=>1, 1=>1'::istore, 2);
 fetchval 
----------
         
(1 row)

ROLLBACK;
BEGIN;
CREATE EXTENSION istore;
SELECT * FROM each('1=>1'::istore);
 key | value 
-----+-------
   1 |     1
(1 row)

SELECT * FROM each('5=>11, 4=>8'::istore);
 key | value 
-----+-------
   4 |     8
   5 |    11
(2 rows)

SELECT * FROM each('5=>-411, 4=>8'::istore);
 key | value 
-----+-------
   4 |     8
   5 |  -411
(2 rows)

SELECT value + 100 FROM each('5=>-411, 4=>8'::istore);
 ?column? 
----------
      108
     -311
(2 rows)

SELECT * FROM each('-2147483647 => 10, -10 => -2147483647, 0 => 5, 10 => 2147483647, 2147483647 => 10'::istore);
     key     |    value    
-------------+-------------
 -2147483647 |          10
         -10 | -2147483647
           0 |           5
          10 |  2147483647
  2147483647 |          10
(5 rows)

SELECT * FROM each(NULL::istore);
 key | value 
-----+-------
(0 rows)

ROLLBACK;
BEGIN;
CREATE EXTENSION istore;
SELECT compact('0=>2, 1=>2, 3=>0 ,2=>2'::istore);
           compact            
------------------------------
 "0"=>"2", "1"=>"2", "2"=>"2"
(1 row)

ROLLBACK;
BEGIN;
CREATE EXTENSION istore;
SELECT add('1=>1, 2=>1'::istore, '1=>1, 2=>1'::istore);
        add         
--------------------
 "1"=>"2", "2"=>"2"
(1 row)

SELECT add('1=>1, 2=>1'::istore, '-1=>1, 2=>1'::istore);
              add              
-------------------------------
 "-1"=>"1", "1"=>"1", "2"=>"2"
(1 row)

SELECT add('1=>1, 2=>1'::istore, '-1=>-1, 2=>1'::istore);
              add               
--------------------------------
 "-1"=>"-1", "1"=>"1", "2"=>"2"
(1 row)

SELECT add('-1=>1, 2=>1'::istore, '-1=>-1, 2=>1'::istore);
         add         
---------------------
 "-1"=>"0", "2"=>"2"
(1 row)

SELECT add('-1=>-1, 2=>1'::istore, '-1=>-1, 2=>1'::istore);
         add          
----------------------
 "-1"=>"-2", "2"=>"2"
(1 row)

SELECT add('-1=>-1, 2=>1'::istore, 1);
         add         
---------------------
 "-1"=>"0", "2"=>"2"
(1 row)

SELECT add('-1=>-1, 2=>1'::istore, -1);
         add          
----------------------
 "-1"=>"-2", "2"=>"0"
(1 row)

SELECT add('-1=>-1, 2=>1'::istore, 0);
         add          
----------------------
 "-1"=>"-1", "2"=>"1"
(1 row)

SELECT add(istore(Array[]::integer[], Array[]::integer[]), '1=>0'::istore);;
   add    
----------
 "1"=>"0"
(1 row)

ROLLBACK;
BEGIN;
CREATE EXTENSION istore;
SELECT subtract('1=>1, 2=>1'::istore, '1=>1, 2=>1'::istore);
      subtract      
--------------------
 "1"=>"0", "2"=>"0"
(1 row)

SELECT subtract('1=>1, 2=>1'::istore, '-1=>1, 2=>1'::istore);
            subtract            
--------------------------------
 "-1"=>"-1", "1"=>"1", "2"=>"0"
(1 row)

SELECT subtract('1=>1, 2=>1'::istore, '-1=>-1, 2=>1'::istore);
           subtract            
-------------------------------
 "-1"=>"1", "1"=>"1", "2"=>"0"
(1 row)

SELECT subtract('-1=>1, 2=>1'::istore, '-1=>-1, 2=>1'::istore);
      subtract       
---------------------
 "-1"=>"2", "2"=>"0"
(1 row)

SELECT subtract('-1=>-1, 2=>1'::istore, '-1=>-1, 2=>1'::istore);
      subtract       
---------------------
 "-1"=>"0", "2"=>"0"
(1 row)

SELECT subtract('-1=>-1, 2=>1'::istore, 1);
       subtract       
----------------------
 "-1"=>"-2", "2"=>"0"
(1 row)

SELECT subtract('-1=>-1, 2=>1'::istore, -1);
      subtract       
---------------------
 "-1"=>"0", "2"=>"2"
(1 row)

SELECT subtract('-1=>-1, 2=>1'::istore, 0);
       subtract       
----------------------
 "-1"=>"-1", "2"=>"1"
(1 row)

SELECT subtract(istore(Array[]::integer[], Array[]::integer[]), '1=>0'::istore);;
 subtract 
----------
 "1"=>"0"
(1 row)

ROLLBACK;
BEGIN;
CREATE EXTENSION istore;
SELECT multiply('1=>1, 2=>1'::istore, '1=>1, 2=>1'::istore);
      multiply      
--------------------
 "1"=>"1", "2"=>"1"
(1 row)

SELECT multiply('1=>1, 2=>1'::istore, '-1=>1, 2=>1'::istore);
 multiply 
----------
 "2"=>"1"
(1 row)

SELECT multiply('1=>1, 2=>1'::istore, '-1=>-1, 2=>1'::istore);
 multiply 
----------
 "2"=>"1"
(1 row)

SELECT multiply('-1=>1, 2=>1'::istore, '-1=>-1, 2=>1'::istore);
       multiply       
----------------------
 "-1"=>"-1", "2"=>"1"
(1 row)

SELECT multiply('-1=>-1, 2=>1'::istore, '-1=>-1, 2=>1'::istore);
      multiply       
---------------------
 "-1"=>"1", "2"=>"1"
(1 row)

SELECT multiply('-1=>-1, 2=>1'::istore, 1);
       multiply       
----------------------
 "-1"=>"-1", "2"=>"1"
(1 row)

SELECT multiply('-1=>-1, 2=>1'::istore, -1);
       multiply       
----------------------
 "-1"=>"1", "2"=>"-1"
(1 row)

SELECT multiply('-1=>-1, 2=>1'::istore, 0);
      multiply       
---------------------
 "-1"=>"0", "2"=>"0"
(1 row)

ROLLBACK;
BEGIN;
CREATE EXTENSION istore;
SELECT divide('1=>1, 2=>1'::istore, '1=>1, 2=>1'::istore);
       divide       
--------------------
 "1"=>"1", "2"=>"1"
(1 row)

SELECT divide('1=>1, 2=>1'::istore, '-1=>1, 2=>1'::istore);
  divide  
----------
 "2"=>"1"
(1 row)

SELECT divide('1=>1, 2=>1'::istore, '-1=>-1, 2=>1'::istore);
  divide  
----------
 "2"=>"1"
(1 row)

SELECT divide('-1=>1, 2=>1'::istore, '-1=>-1, 2=>1'::istore);
        divide        
----------------------
 "-1"=>"-1", "2"=>"1"
(1 row)

SELECT divide('-1=>-1, 2=>1'::istore, '-1=>-1, 2=>1'::istore);
       divide        
---------------------
 "-1"=>"1", "2"=>"1"
(1 row)

SELECT divide('-1=>-1, 2=>1'::istore, '-1=>-1, 2=>1'::istore);
       divide        
---------------------
 "-1"=>"1", "2"=>"1"
(1 row)

SELECT divide('1=>0, 2=>1'::istore, '1=>-1, 2=>1'::istore);
       divide       
--------------------
 "1"=>"0", "2"=>"1"
(1 row)

SELECT divide('1=>1, 2=>1'::istore, '1=>-1, 2=>1, 3=>0'::istore);
       divide        
---------------------
 "1"=>"-1", "2"=>"1"
(1 row)

SELECT divide('1=>1, 2=>1'::istore, '3=>0'::istore);
 divide 
--------
 
(1 row)

SELECT divide('-1=>-1, 2=>1'::istore, -1);
        divide        
----------------------
 "-1"=>"1", "2"=>"-1"
(1 row)

ROLLBACK;
BEGIN;
CREATE EXTENSION istore;
SELECT divide('-1=>-1, 2=>1'::istore, 0);
ERROR:  division by zero
ROLLBACK;
BEGIN;
CREATE EXTENSION istore;
SELECT divide('-1=>-1, 2=>1'::istore, '2=>0');
ERROR:  division by zero
ROLLBACK;
BEGIN;
CREATE EXTENSION istore;
SELECT istore(ARRAY[1]);
  istore  
----------
 "1"=>"1"
(1 row)

SELECT istore(ARRAY[1,1,1,1]);
  istore  
----------
 "1"=>"4"
(1 row)

SELECT istore(NULL);
 istore 
--------
 
(1 row)

SELECT istore(ARRAY[1,2,3,4]);
                 istore                 
----------------------------------------
 "1"=>"1", "2"=>"1", "3"=>"1", "4"=>"1"
(1 row)

SELECT istore(ARRAY[1,2,3,4,1,2,3,4]);
                 istore                 
----------------------------------------
 "1"=>"2", "2"=>"2", "3"=>"2", "4"=>"2"
(1 row)

SELECT istore(ARRAY[1,2,3,4,1,2,3,NULL]);
                 istore                 
----------------------------------------
 "1"=>"2", "2"=>"2", "3"=>"2", "4"=>"1"
(1 row)

SELECT istore(ARRAY[NULL,2,3,4,1,2,3,4]);
                 istore                 
----------------------------------------
 "1"=>"1", "2"=>"2", "3"=>"2", "4"=>"2"
(1 row)

SELECT istore(ARRAY[NULL,2,3,4,1,2,3,NULL]);
                 istore                 
----------------------------------------
 "1"=>"1", "2"=>"2", "3"=>"2", "4"=>"1"
(1 row)

SELECT istore(ARRAY[1,2,3,NULL,1,NULL,3,4,1,2,3]);
                 istore                 
----------------------------------------
 "1"=>"3", "2"=>"2", "3"=>"3", "4"=>"1"
(1 row)

SELECT istore(ARRAY[NULL,NULL,NULL,NULL]::integer[]);
 istore 
--------
 
(1 row)

SELECT istore(ARRAY[]::integer[]);
 istore 
--------
 
(1 row)

ROLLBACK;
BEGIN;
CREATE EXTENSION istore;
SELECT sum_up('1=>1'::istore);
 sum_up 
--------
      1
(1 row)

SELECT sum_up(NULL::istore);
 sum_up 
--------
       
(1 row)

SELECT sum_up('1=>1, 2=>1'::istore);
 sum_up 
--------
      2
(1 row)

SELECT sum_up('1=>1, 5=>1, 3=> 4'::istore, 3);
 sum_up 
--------
      5
(1 row)

SELECT sum_up('1=>1 ,2=>-1, 1=>1'::istore);
 sum_up 
--------
      1
(1 row)

ROLLBACK;
BEGIN;
CREATE EXTENSION istore;
CREATE TABLE test (a istore);
INSERT INTO test VALUES('1=>1'),('2=>1'), ('3=>1');
SELECT SUM(a) FROM test;
             sum              
------------------------------
 "1"=>"1", "2"=>"1", "3"=>"1"
(1 row)

ROLLBACK;
BEGIN;
CREATE EXTENSION istore;
CREATE TABLE test (a istore);
INSERT INTO test VALUES('1=>1'),('2=>1'),('3=>1'),(NULL),('3=>3');
SELECT SUM(a) FROM test;
             sum              
------------------------------
 "1"=>"1", "2"=>"1", "3"=>"4"
(1 row)

ROLLBACK;
BEGIN;
CREATE EXTENSION istore;
CREATE TABLE test (a istore);
INSERT INTO test VALUES('1=>1'),('2=>1'),('3=>1'),(NULL),('3=>0');
SELECT SUM(a) FROM test;
             sum              
------------------------------
 "1"=>"1", "2"=>"1", "3"=>"1"
(1 row)

ROLLBACK;
BEGIN;
CREATE EXTENSION istore;
SELECT istore(Array[5,3,4,5], Array[1,2,3,4]);
            istore            
------------------------------
 "3"=>"2", "4"=>"3", "5"=>"5"
(1 row)

SELECT istore(Array[5,3,4,5], Array[1,2,3,4]);
            istore            
------------------------------
 "3"=>"2", "4"=>"3", "5"=>"5"
(1 row)

SELECT istore(Array[5,3,4,5], Array[4000,2,4000,4]);
               istore               
------------------------------------
 "3"=>"2", "4"=>"4000", "5"=>"4004"
(1 row)

ROLLBACK;
BEGIN;
CREATE EXTENSION istore;
SELECT fill_gaps('2=>17, 4=>3'::istore, 5, 0);
                          fill_gaps                          
-------------------------------------------------------------
 "0"=>"0", "1"=>"0", "2"=>"17", "3"=>"0", "4"=>"3", "5"=>"0"
(1 row)

SELECT fill_gaps('2=>17, 4=>3'::istore, 5);
                          fill_gaps                          
-------------------------------------------------------------
 "0"=>"0", "1"=>"0", "2"=>"17", "3"=>"0", "4"=>"3", "5"=>"0"
(1 row)

SELECT fill_gaps('2=>17, 4=>3'::istore, 3, 11);
                 fill_gaps                  
--------------------------------------------
 "0"=>"11", "1"=>"11", "2"=>"17", "3"=>"11"
(1 row)

SELECT fill_gaps('2=>17, 4=>3'::istore, 0, 0);
 fill_gaps 
-----------
 "0"=>"0"
(1 row)

SELECT fill_gaps('2=>17'::istore, 3, NULL);
 fill_gaps 
-----------
 
(1 row)

SELECT fill_gaps('2=>0, 3=>3'::istore, 3, 0);
               fill_gaps                
----------------------------------------
 "0"=>"0", "1"=>"0", "2"=>"0", "3"=>"3"
(1 row)

SELECT fill_gaps(''::istore, 3, 0);
               fill_gaps                
----------------------------------------
 "0"=>"0", "1"=>"0", "2"=>"0", "3"=>"0"
(1 row)

SELECT fill_gaps(''::istore, 3, 400);
                   fill_gaps                    
------------------------------------------------
 "0"=>"400", "1"=>"400", "2"=>"400", "3"=>"400"
(1 row)

SELECT fill_gaps(NULL::istore, 3, 0);
 fill_gaps 
-----------
 
(1 row)

SELECT fill_gaps('2=>17, 4=>3'::istore, -5, 0);
ERROR:  parameter upto must be >= 0
ROLLBACK;
BEGIN;
CREATE EXTENSION istore;
SELECT accumulate('2=>17, 4=>3'::istore);
           accumulate            
---------------------------------
 "2"=>"17", "3"=>"17", "4"=>"20"
(1 row)

SELECT accumulate('2=>0, 4=>3'::istore);
          accumulate          
------------------------------
 "2"=>"0", "3"=>"0", "4"=>"3"
(1 row)

SELECT accumulate('1=>3, 2=>0, 4=>3, 6=>2'::istore);
                         accumulate                         
------------------------------------------------------------
 "1"=>"3", "2"=>"3", "3"=>"3", "4"=>"6", "5"=>"6", "6"=>"8"
(1 row)

SELECT accumulate(''::istore);
 accumulate 
------------
 
(1 row)

SELECT accumulate('10=>5'::istore);
 accumulate 
------------
 "10"=>"5"
(1 row)

SELECT accumulate(NULL::istore);
 accumulate 
------------
 
(1 row)

SELECT accumulate('-20=> 5, -10=> 5'::istore);
                                                             accumulate                                                              
-------------------------------------------------------------------------------------------------------------------------------------
 "-20"=>"5", "-19"=>"5", "-18"=>"5", "-17"=>"5", "-16"=>"5", "-15"=>"5", "-14"=>"5", "-13"=>"5", "-12"=>"5", "-11"=>"5", "-10"=>"10"
(1 row)

SELECT accumulate('-5=> 5, 3=> 5'::istore);
                                           accumulate                                           
------------------------------------------------------------------------------------------------
 "-5"=>"5", "-4"=>"5", "-3"=>"5", "-2"=>"5", "-1"=>"5", "0"=>"5", "1"=>"5", "2"=>"5", "3"=>"10"
(1 row)

ROLLBACK;
BEGIN;
CREATE EXTENSION istore;
SELECT accumulate('2=>17, 4=>3'::istore, 8);
                                 accumulate                                  
-----------------------------------------------------------------------------
 "2"=>"17", "3"=>"17", "4"=>"20", "5"=>"20", "6"=>"20", "7"=>"20", "8"=>"20"
(1 row)

SELECT accumulate('2=>0, 4=>3'::istore, 8);
                              accumulate                              
----------------------------------------------------------------------
 "2"=>"0", "3"=>"0", "4"=>"3", "5"=>"3", "6"=>"3", "7"=>"3", "8"=>"3"
(1 row)

SELECT accumulate('1=>3, 2=>0, 4=>3, 6=>2'::istore, 8);
                                   accumulate                                   
--------------------------------------------------------------------------------
 "1"=>"3", "2"=>"3", "3"=>"3", "4"=>"6", "5"=>"6", "6"=>"8", "7"=>"8", "8"=>"8"
(1 row)

SELECT accumulate(''::istore, 8);
 accumulate 
------------
 
(1 row)

SELECT accumulate('10=>5'::istore, 8);
 accumulate 
------------
 
(1 row)

SELECT accumulate('1=>5'::istore, 0);
 accumulate 
------------
 
(1 row)

SELECT accumulate(NULL::istore, 8);
 accumulate 
------------
 
(1 row)

SELECT accumulate('-20=> 5, -10=> 5'::istore, -8);
                                                                         accumulate                                                                          
-------------------------------------------------------------------------------------------------------------------------------------------------------------
 "-20"=>"5", "-19"=>"5", "-18"=>"5", "-17"=>"5", "-16"=>"5", "-15"=>"5", "-14"=>"5", "-13"=>"5", "-12"=>"5", "-11"=>"5", "-10"=>"10", "-9"=>"10", "-8"=>"10"
(1 row)

SELECT accumulate('-5=> 5, 3=> 5'::istore, 2);
                                     accumulate                                      
-------------------------------------------------------------------------------------
 "-5"=>"5", "-4"=>"5", "-3"=>"5", "-2"=>"5", "-1"=>"5", "0"=>"5", "1"=>"5", "2"=>"5"
(1 row)

ROLLBACK;
BEGIN;
CREATE EXTENSION istore;
SELECT accumulate('0=>20000000000, 1=>10000000000, 3=>10000000000'::bigistore, 4);
                                             accumulate                                             
----------------------------------------------------------------------------------------------------
 "0"=>"20000000000", "1"=>"30000000000", "2"=>"30000000000", "3"=>"40000000000", "4"=>"40000000000"
(1 row)

ROLLBACK;
BEGIN;
CREATE EXTENSION istore;
SELECT istore_seed(2,5,8::int);
              istore_seed               
----------------------------------------
 "2"=>"8", "3"=>"8", "4"=>"8", "5"=>"8"
(1 row)

SELECT istore_seed(2,5,NULL::int);
 istore_seed 
-------------
 
(1 row)

SELECT istore_seed(2,5,0::int);
              istore_seed               
----------------------------------------
 "2"=>"0", "3"=>"0", "4"=>"0", "5"=>"0"
(1 row)

SELECT istore_seed(2,2,8::int);
 istore_seed 
-------------
 "2"=>"8"
(1 row)

SELECT istore_seed(2,0,8::int);
ERROR:  parameter upto must be >= from
ROLLBACK;
BEGIN;
CREATE EXTENSION istore;
SELECT istore_seed(-2,0,8);
ERROR:  parameter from must be >= 0
ROLLBACK;
BEGIN;
CREATE EXTENSION istore;
SELECT istore_val_larger('1=>1,2=>1,3=>3'::istore, '1=>2,3=>1,4=>1');
           istore_val_larger            
----------------------------------------
 "1"=>"2", "2"=>"1", "3"=>"3", "4"=>"1"
(1 row)

ROLLBACK;
BEGIN;
CREATE EXTENSION istore;
SELECT istore_val_smaller('1=>1,2=>1,3=>3'::istore, '1=>2,3=>1,4=>1');
           istore_val_smaller           
----------------------------------------
 "1"=>"1", "2"=>"1", "3"=>"1", "4"=>"1"
(1 row)

ROLLBACK;
BEGIN;
CREATE EXTENSION istore;
SELECT MAX(s) FROM (VALUES('1=>5, 2=>2, 3=>3'::istore),('1=>1, 2=>5, 3=>3'),('1=>1, 2=>4, 3=>5'))t(s);
             max              
------------------------------
 "1"=>"5", "2"=>"5", "3"=>"5"
(1 row)

ROLLBACK;
BEGIN;
CREATE EXTENSION istore;
SELECT MIN(s) FROM (VALUES('1=>5, 2=>2, 3=>3'::istore),('1=>1, 2=>5, 3=>3'),('1=>1, 2=>4, 3=>5'))t(s);
             min              
------------------------------
 "1"=>"1", "2"=>"2", "3"=>"3"
(1 row)

ROLLBACK;
BEGIN;
CREATE EXTENSION istore;
SELECT akeys('-5=>10, 0=>-5, 5=>0'::istore);
  akeys   
----------
 {-5,0,5}
(1 row)

SELECT akeys(''::istore);
 akeys 
-------
 {}
(1 row)

ROLLBACK;
BEGIN;
CREATE EXTENSION istore;
SELECT avals('-5=>10, 0=>-5, 5=>0'::istore);
   avals   
-----------
 {10,-5,0}
(1 row)

SELECT avals(''::istore);
 avals 
-------
 {}
(1 row)

ROLLBACK;
BEGIN;
CREATE EXTENSION istore;
SELECT skeys('-5=>10, 0=>-5, 5=>0'::istore);
 skeys 
-------
    -5
     0
     5
(3 rows)

SELECT skeys(''::istore);
 skeys 
-------
(0 rows)

ROLLBACK;
BEGIN;
CREATE EXTENSION istore;
SELECT svals('-5=>10, 0=>-5, 5=>0'::istore);
 svals 
-------
    10
    -5
     0
(3 rows)

SELECT svals(''::istore);
 svals 
-------
(0 rows)

ROLLBACK;
BEGIN;
CREATE EXTENSION istore;
SELECT sum_up('10=>5, 15=>10'::istore);
 sum_up 
--------
     15
(1 row)

ROLLBACK;
BEGIN;
CREATE EXTENSION istore;
SELECT sum_up('10=>2000000000, 15=>1000000000'::istore);
   sum_up   
------------
 3000000000
(1 row)

ROLLBACK;
BEGIN;
CREATE EXTENSION istore;
SELECT sum_up('10=>5, 15=>10'::bigistore);
 sum_up 
--------
     15
(1 row)

ROLLBACK;
BEGIN;
CREATE EXTENSION istore;
SELECT sum_up('10=>5, 15=>-10'::istore);
 sum_up 
--------
     -5
(1 row)

ROLLBACK;
BEGIN;
CREATE EXTENSION istore;
SELECT sum_up('10=>5, 15=>-10'::bigistore);
 sum_up 
--------
     -5
(1 row)

ROLLBACK;
