BEGIN;
CREATE TABLE istore_io AS SELECT '1=>1,1=>2'::istore;
SELECT * FROM istore_io;
  istore  
----------
 "1"=>"3"
(1 row)

ROLLBACK;
BEGIN;
CREATE TABLE istore_io AS SELECT '"1"=>"1","1"=>"2"'::istore;
SELECT * FROM istore_io;
  istore  
----------
 "1"=>"3"
(1 row)

ROLLBACK;
BEGIN;
CREATE TABLE istore_io AS SELECT '"1"=>"1","-1"=>"2"'::istore;
SELECT * FROM istore_io;
       istore       
--------------------
 "-1"=>"2","1"=>"1"
(1 row)

ROLLBACK;
BEGIN;
CREATE TABLE istore_io AS SELECT '"-1"=>"+1","1"=>"2"'::istore;
SELECT * FROM istore_io;
       istore       
--------------------
 "-1"=>"1","1"=>"2"
(1 row)

ROLLBACK;
BEGIN;
CREATE TABLE istore_io AS SELECT ' "-1"=>"+1","1"=>"2"'::istore;
SELECT * FROM istore_io;
       istore       
--------------------
 "-1"=>"1","1"=>"2"
(1 row)

ROLLBACK;
BEGIN;
CREATE TABLE istore_io AS SELECT '"-1"=> "+1","1"=>"2"'::istore;
SELECT * FROM istore_io;
       istore       
--------------------
 "-1"=>"1","1"=>"2"
(1 row)

ROLLBACK;
BEGIN;
CREATE TABLE istore_io AS SELECT '"-1"=>"+1" ,"1"=>"2"'::istore;
SELECT * FROM istore_io;
       istore       
--------------------
 "-1"=>"1","1"=>"2"
(1 row)

ROLLBACK;
BEGIN;
CREATE TABLE istore_io AS SELECT '"-1"=>"+1", "1"=>"2"'::istore;
SELECT * FROM istore_io;
       istore       
--------------------
 "-1"=>"1","1"=>"2"
(1 row)

ROLLBACK;
BEGIN;
CREATE TABLE istore_io AS SELECT '"-1"=>"+1","1"=>"2" '::istore;
SELECT * FROM istore_io;
       istore       
--------------------
 "-1"=>"1","1"=>"2"
(1 row)

ROLLBACK;
BEGIN;
CREATE TABLE istore_io AS SELECT '-1=>+1,1=>2 '::istore;
SELECT * FROM istore_io;
       istore       
--------------------
 "-1"=>"1","1"=>"2"
(1 row)

ROLLBACK;
