BEGIN;
CREATE EXTENSION istore VERSION '0.1.3';
ALTER EXTENSION istore UPDATE TO '0.1.4';
ALTER EXTENSION istore UPDATE TO '0.1.3';
DROP EXTENSION istore;
CREATE EXTENSION istore;
ALTER EXTENSION istore UPDATE TO '0.1.3';
ROLLBACK;
