BEGIN;
CREATE EXTENSION istore VERSION '0.1.0';
ALTER EXTENSION istore UPDATE TO '1.0.0';
DROP EXTENSION istore CASCADE;
CREATE EXTENSION istore VERSION '1.0.0';
ALTER EXTENSION istore UPDATE TO '0.1.0';
ROLLBACK;
