BEGIN;
-- os_name_op should implement gt;
-- ./spec/os_name_op_spec.rb:8;
CREATE EXTENSION istore;
SELECT 'ios'::os_name > 'android'::os_name;
 ?column? 
----------
 t
(1 row)

SELECT 'ios'::os_name >= 'android'::os_name;
 ?column? 
----------
 t
(1 row)

SELECT NOT('ios'::os_name < 'android'::os_name);
 ?column? 
----------
 t
(1 row)

SELECT NOT('ios'::os_name <= 'android'::os_name);
 ?column? 
----------
 t
(1 row)

ROLLBACK;
BEGIN;
-- os_name_op should implement lt;
-- ./spec/os_name_op_spec.rb:15;
CREATE EXTENSION istore;
SELECT 'ios'::os_name > 'android'::os_name;
 ?column? 
----------
 t
(1 row)

SELECT 'ios'::os_name >= 'android'::os_name;
 ?column? 
----------
 t
(1 row)

SELECT NOT('ios'::os_name < 'android'::os_name);
 ?column? 
----------
 t
(1 row)

SELECT NOT('ios'::os_name <= 'android'::os_name);
 ?column? 
----------
 t
(1 row)

ROLLBACK;
BEGIN;
-- os_name_op should implement eq;
-- ./spec/os_name_op_spec.rb:22;
CREATE EXTENSION istore;
SELECT NOT('ios'::os_name = 'android'::os_name);
 ?column? 
----------
 t
(1 row)

SELECT 'android'::os_name = 'android'::os_name;
 ?column? 
----------
 t
(1 row)

ROLLBACK;
BEGIN;
-- os_name_op should implement neq;
-- ./spec/os_name_op_spec.rb:27;
CREATE EXTENSION istore;
SELECT 'ios'::os_name != 'android'::os_name;
 ?column? 
----------
 t
(1 row)

SELECT NOT('android'::os_name != 'android'::os_name);
 ?column? 
----------
 t
(1 row)

ROLLBACK;
