BEGIN;
-- os_name should pass valid os_name;
-- ./spec/os_name_test_spec.rb:8;
CREATE EXTENSION istore;
SELECT 'android'::os_name;
 os_name 
---------
 android
(1 row)

SELECT 'blackberry'::os_name;
  os_name   
------------
 blackberry
(1 row)

SELECT 'ios'::os_name;
 os_name 
---------
 ios
(1 row)

SELECT 'linux'::os_name;
 os_name 
---------
 linux
(1 row)

SELECT 'macos'::os_name;
 os_name 
---------
 macos
(1 row)

SELECT 'server'::os_name;
 os_name 
---------
 server
(1 row)

SELECT 'symbian'::os_name;
 os_name 
---------
 symbian
(1 row)

SELECT 'webos'::os_name;
 os_name 
---------
 webos
(1 row)

SELECT 'windows'::os_name;
 os_name 
---------
 windows
(1 row)

SELECT 'windows-phone'::os_name;
    os_name    
---------------
 windows-phone
(1 row)

SELECT 'unknown'::os_name;
 os_name 
---------
 unknown
(1 row)

ROLLBACK;
BEGIN;
-- os_name should rais an exception on invalid os_name;
-- ./spec/os_name_test_spec.rb:26;
CREATE EXTENSION istore;
SELECT 'kermit'::os_name;
ERROR:  unknown input os_name: kermit
LINE 1: SELECT 'kermit'::os_name;
               ^
ROLLBACK;
